---
source: crates/vim9-parser/src/lib.rs
assertion_line: 2815
expression: snapshot_parsing(contents)
---
[
    Vim9Script(
        Vim9ScriptCommand {
            noclear: false,
            eol: Token(EndOfLine, (0,10)->(0,10)),
        },
    ),
    NoOp(
        Token(EndOfLine, "\n", (1,0)->(1,0)),
    ),
    Def(
        DefCommand {
            def: Token(Identifier, (2,0)->(2,3)),
            name: Raw(MyFunc),
            args: Signature {
                open: Token(LeftParen, (2,10)->(2,11)),
                params: [],
                close: Token(RightParen, (2,11)->(2,12)),
            },
            ret: Some(
                Number,
            ),
            def_eol: Token(EndOfLine, (2,20)->(2,20)),
            body: Body {
                commands: [
                    Return(
                        ReturnCommand {
                            ret: Token(Identifier, (3,2)->(3,8)),
                            expr: Some(
                                Number(
                                    Number(5),
                                ),
                            ),
                            eol: Token(EndOfLine, (3,10)->(3,10)),
                        },
                    ),
                ],
            },
            enddef: Token(Identifier, (4,0)->(4,6)),
            end_eol: Token(EndOfLine, (4,6)->(4,6)),
        },
    ),
    NoOp(
        Token(EndOfLine, "\n", (5,0)->(5,0)),
    ),
    Eval(
        EvalCommand {
            eval: None,
            expr: Call(
                f: Identifier(Raw(MyFunc)) arg: [],
            ),
            eol: Token(EndOfLine, (6,8)->(6,8)),
        },
    ),
]
