---
source: crates/vim9-gen/src/lib.rs
assertion_line: 1884
expression: "generate(contents, ParserOpts { mode: ParserMode::Standalone }).unwrap().lua"
---
----------------------------------------
-- This file is generated via github.com/tjdevries/vim9jit
-- For any bugs, please first consider reporting there.
----------------------------------------

local NVIM9 = require('_vim9script')
local __VIM9_MODULE = {}
local x = nil
-- vim9script

vim.api.nvim_create_augroup('matchparen', { clear = false })

vim.api.nvim_create_autocmd({ 'CursorMoved', 'CursorMovedI', 'WinEnter' }, {
  group = 'matchparen',
  callback = function()
    print('Block')
  end,
})

vim.api.nvim_create_autocmd({ 'WinLeave' }, {
  group = 'matchparen',
  callback = function()
    print('Command')
  end,
})

x = NVIM9.fn.len(vim.api.nvim_get_autocmds({ ['group'] = 'matchparen' }))
return __VIM9_MODULE

