---
source: crates/vim9-gen/src/lib.rs
assertion_line: 1903
expression: "generate(contents, ParserOpts { mode: ParserMode::Standalone }).unwrap().lua"
---
----------------------------------------
-- This file is generated via github.com/tjdevries/vim9jit
-- For any bugs, please first consider reporting there.
----------------------------------------

-- Ignore "value assigned to a local variable is unused" because
--  we can't guarantee that local variables will be used by plugins
-- luacheck: ignore 311

local vim9 = require('_vim9script')
local M = {}
-- vim9script

vim.api.nvim_create_user_command('MultipleEcho', function(__vim9_arg_1)
  print('x')
  print('y')
end, {
  bang = false,
  nargs = nil,
  complete = nil,
})

vim.api.nvim_create_user_command('MinitermToggle', function(__vim9_arg_1)
  miniterm.GetManager().ToggleTerminal()
  vim.g['AttachWipeoutHandler'](miniterm.GetManager().current)
end, {
  bang = false,
  nargs = nil,
  complete = nil,
})
return M

